Wed Jul  2 01:11:27 2025       
+-----------------------------------------------------------------------------------------+
| NVIDIA-SMI 570.133.20             Driver Version: 570.133.20     CUDA Version: 12.8     |
|-----------------------------------------+------------------------+----------------------+
| GPU  Name                 Persistence-M | Bus-Id          Disp.A | Volatile Uncorr. ECC |
| Fan  Temp   Perf          Pwr:Usage/Cap |           Memory-Usage | GPU-Util  Compute M. |
|                                         |                        |               MIG M. |
|=========================================+========================+======================|
|   0  NVIDIA H200                    On  |   00000000:59:00.0 Off |                    0 |
| N/A   38C    P0             76W /  700W |       0MiB / 143771MiB |      0%      Default |
|                                         |                        |             Disabled |
+-----------------------------------------+------------------------+----------------------+
|   1  NVIDIA H200                    On  |   00000000:5A:00.0 Off |                    0 |
| N/A   35C    P0             75W /  700W |       0MiB / 143771MiB |      0%      Default |
|                                         |                        |             Disabled |
+-----------------------------------------+------------------------+----------------------+
|   2  NVIDIA H200                    On  |   00000000:72:00.0 Off |                    0 |
| N/A   37C    P0             78W /  700W |       0MiB / 143771MiB |      0%      Default |
|                                         |                        |             Disabled |
+-----------------------------------------+------------------------+----------------------+
|   3  NVIDIA H200                    On  |   00000000:73:00.0 Off |                    0 |
| N/A   36C    P0             75W /  700W |       0MiB / 143771MiB |      0%      Default |
|                                         |                        |             Disabled |
+-----------------------------------------+------------------------+----------------------+
|   4  NVIDIA H200                    On  |   00000000:8B:00.0 Off |                    0 |
| N/A   38C    P0             75W /  700W |       0MiB / 143771MiB |      0%      Default |
|                                         |                        |             Disabled |
+-----------------------------------------+------------------------+----------------------+
|   5  NVIDIA H200                    On  |   00000000:8C:00.0 Off |                    0 |
| N/A   36C    P0             76W /  700W |       0MiB / 143771MiB |      0%      Default |
|                                         |                        |             Disabled |
+-----------------------------------------+------------------------+----------------------+
|   6  NVIDIA H200                    On  |   00000000:A4:00.0 Off |                    0 |
| N/A   38C    P0             77W /  700W |       0MiB / 143771MiB |      0%      Default |
|                                         |                        |             Disabled |
+-----------------------------------------+------------------------+----------------------+
|   7  NVIDIA H200                    On  |   00000000:A5:00.0 Off |                    0 |
| N/A   35C    P0             74W /  700W |       0MiB / 143771MiB |      0%      Default |
|                                         |                        |             Disabled |
+-----------------------------------------+------------------------+----------------------+
                                                                                         
+-----------------------------------------------------------------------------------------+
| Processes:                                                                              |
|  GPU   GI   CI              PID   Type   Process name                        GPU Memory |
|        ID   ID                                                               Usage      |
|=========================================================================================|
|  No running processes found                                                             |
+-----------------------------------------------------------------------------------------+
Running batch sample script env activated
Auto-discovering models from: ../video_guidance/generated_videos/subject_consistency
Found model: guidance_f17_s50_w8c6_rho10.0_cfg5.0_0701_1658
Found model: guidance_f33_s50_w8c6_rho10.0_cfg5.0_0701_1608
Found model: rejection_f17_s50_w8c6_a10_cfg5.0_0701_1606
Found model: rejection_f33_s50_w8c6_a10_cfg5.0_0701_2111
Found model: vanilla_f17_s50_cfg5.0_0701_1600
Found model: vanilla_f33_s50_cfg5.0_0701_2103
Discovered 6 models: guidance_f17_s50_w8c6_rho10.0_cfg5.0_0701_1658 guidance_f33_s50_w8c6_rho10.0_cfg5.0_0701_1608 rejection_f17_s50_w8c6_a10_cfg5.0_0701_1606 rejection_f33_s50_w8c6_a10_cfg5.0_0701_2111 vanilla_f17_s50_cfg5.0_0701_1600 vanilla_f33_s50_cfg5.0_0701_2103
activated vbench environment
Generating test files for model: guidance_f17_s50_w8c6_rho10.0_cfg5.0_0701_1658
CSV file '/home/yjianhao/project/video_guidance/temp/guidance_f17_s50_w8c6_rho10.0_cfg5.0_0701_1658.csv' has been created with 72 video entries.
Generating test files for model: guidance_f33_s50_w8c6_rho10.0_cfg5.0_0701_1608
CSV file '/home/yjianhao/project/video_guidance/temp/guidance_f33_s50_w8c6_rho10.0_cfg5.0_0701_1608.csv' has been created with 72 video entries.
Generating test files for model: rejection_f17_s50_w8c6_a10_cfg5.0_0701_1606
CSV file '/home/yjianhao/project/video_guidance/temp/rejection_f17_s50_w8c6_a10_cfg5.0_0701_1606.csv' has been created with 72 video entries.
Generating test files for model: rejection_f33_s50_w8c6_a10_cfg5.0_0701_2111
CSV file '/home/yjianhao/project/video_guidance/temp/rejection_f33_s50_w8c6_a10_cfg5.0_0701_2111.csv' has been created with 72 video entries.
Generating test files for model: vanilla_f17_s50_cfg5.0_0701_1600
CSV file '/home/yjianhao/project/video_guidance/temp/vanilla_f17_s50_cfg5.0_0701_1600.csv' has been created with 72 video entries.
Generating test files for model: vanilla_f33_s50_cfg5.0_0701_2103
CSV file '/home/yjianhao/project/video_guidance/temp/vanilla_f33_s50_cfg5.0_0701_2103.csv' has been created with 72 video entries.
Activated videophy environment
Running inference for model: guidance_f17_s50_w8c6_rho10.0_cfg5.0_0701_1658
Running inference for model: guidance_f33_s50_w8c6_rho10.0_cfg5.0_0701_1608
Running inference for model: rejection_f17_s50_w8c6_a10_cfg5.0_0701_1606
Running inference for model: rejection_f33_s50_w8c6_a10_cfg5.0_0701_2111
Running inference for model: vanilla_f17_s50_cfg5.0_0701_1600
Running inference for model: vanilla_f33_s50_cfg5.0_0701_2103
